testing[0] = 1
testing[1] = 2
testing[2] = 3
testing[3] = 4
testing[4] = 5
